mode: atomic
finance-ia/internal/config/middleware/auth.go:12.32,13.30 1 0
finance-ia/internal/config/middleware/auth.go:13.30,15.23 2 0
finance-ia/internal/config/middleware/auth.go:15.23,19.4 3 0
finance-ia/internal/config/middleware/auth.go:21.3,24.84 3 0
finance-ia/internal/config/middleware/auth.go:24.84,26.4 1 0
finance-ia/internal/config/middleware/auth.go:28.3,28.33 1 0
finance-ia/internal/config/middleware/auth.go:28.33,32.4 3 0
finance-ia/internal/config/middleware/auth.go:34.3,39.60 4 0
finance-ia/internal/config/middleware/auth.go:39.60,41.4 1 0
finance-ia/internal/config/middleware/auth.go:41.9,43.4 1 0
finance-ia/internal/config/middleware/auth.go:45.3,45.11 1 0
finance-ia/internal/config/middleware/cors.go:9.29,10.30 1 0
finance-ia/internal/config/middleware/cors.go:10.30,17.36 6 0
finance-ia/internal/config/middleware/cors.go:17.36,20.4 2 0
finance-ia/internal/config/middleware/cors.go:22.3,22.11 1 0
finance-ia/main.go:33.13,34.40 1 0
finance-ia/main.go:34.40,36.3 1 0
finance-ia/main.go:38.2,41.16 3 0
finance-ia/main.go:41.16,43.3 1 0
finance-ia/main.go:46.2,46.45 1 0
finance-ia/main.go:46.45,48.3 1 0
finance-ia/main.go:53.2,76.52 15 0
finance-ia/main.go:76.52,78.3 1 0
finance-ia/main.go:80.2,90.16 6 0
finance-ia/main.go:90.16,93.3 2 0
finance-ia/main.go:93.8,95.3 1 0
finance-ia/main.go:97.2,98.23 2 0
finance-ia/main.go:98.23,100.3 1 0
finance-ia/main.go:102.2,103.22 2 0
finance-ia/main.go:103.22,105.3 1 0
finance-ia/main.go:110.2,129.22 6 0
finance-ia/main.go:129.22,131.3 1 0
finance-ia/main.go:133.2,136.37 3 0
finance-ia/internal/config/config.go:14.21,20.2 1 0
finance-ia/internal/config/config.go:22.32,25.17 2 0
finance-ia/internal/config/config.go:25.17,27.3 1 0
finance-ia/internal/config/config.go:28.2,28.14 1 0
finance-ia/internal/config/config.go:31.31,33.15 2 0
finance-ia/internal/config/config.go:33.15,35.3 1 0
finance-ia/internal/config/config.go:36.2,36.12 1 0
finance-ia/internal/application/usecase/auth/usecase.go:12.49,14.2 1 0
finance-ia/internal/application/usecase/auth/usecase.go:16.66,18.2 1 0
finance-ia/internal/application/usecase/auth/usecase.go:20.55,22.2 1 0
finance-ia/internal/application/usecase/auth/usecase.go:24.67,26.2 1 0
finance-ia/internal/application/usecase/auth/usecase.go:28.75,30.2 1 0
finance-ia/internal/application/usecase/auth/usecase.go:32.60,34.2 1 0
finance-ia/internal/application/usecase/auth/usecase.go:36.47,38.2 1 0
finance-ia/internal/application/usecase/user/usecase.go:14.49,16.2 1 0
finance-ia/internal/application/usecase/user/usecase.go:18.94,20.19 2 0
finance-ia/internal/application/usecase/user/usecase.go:20.19,22.6 1 0
finance-ia/internal/application/usecase/user/usecase.go:23.5,23.75 1 0
finance-ia/internal/application/usecase/user/usecase.go:26.51,28.2 1 0
finance-ia/internal/application/usecase/user/usecase.go:30.66,32.2 1 0
finance-ia/internal/application/usecase/user/usecase.go:34.65,36.2 1 0
finance-ia/internal/application/usecase/user/usecase.go:38.50,40.2 1 0
finance-ia/internal/application/usecase/user/usecase.go:42.50,44.2 1 0
finance-ia/internal/config/database/database.go:15.52,17.16 2 0
finance-ia/internal/config/database/database.go:17.16,19.3 1 0
finance-ia/internal/config/database/database.go:20.2,20.16 1 0
finance-ia/internal/config/database/database.go:23.46,25.16 2 0
finance-ia/internal/config/database/database.go:25.16,28.3 2 0
finance-ia/internal/config/database/database.go:30.2,31.16 2 0
finance-ia/internal/config/database/database.go:31.16,34.3 2 0
finance-ia/internal/config/database/database.go:35.2,38.74 3 0
finance-ia/internal/config/database/database.go:38.74,40.3 1 0
finance-ia/internal/config/database/database.go:42.2,43.13 2 0
finance-ia/internal/config/database/database.go:46.33,56.2 1 0
finance-ia/internal/config/observability/middleware.go:11.45,12.30 1 0
finance-ia/internal/config/observability/middleware.go:12.30,15.17 3 0
finance-ia/internal/config/observability/middleware.go:15.17,17.4 1 0
finance-ia/internal/config/observability/middleware.go:19.3,25.76 5 0
finance-ia/internal/config/resilience/circuit_breaker.go:17.44,22.2 1 0
finance-ia/internal/config/resilience/circuit_breaker.go:24.109,30.51 1 0
finance-ia/internal/config/resilience/circuit_breaker.go:30.51,34.4 1 0
finance-ia/internal/config/resilience/circuit_breaker.go:35.62,37.4 1 0
finance-ia/internal/config/resilience/circuit_breaker.go:39.2,39.40 1 0
finance-ia/internal/config/resilience/circuit_breaker.go:43.92,45.2 1 0
finance-ia/internal/config/resilience/circuit_breaker.go:48.88,50.2 1 0
finance-ia/internal/config/resilience/idempotency.go:33.46,34.30 1 0
finance-ia/internal/config/resilience/idempotency.go:34.30,36.82 1 0
finance-ia/internal/config/resilience/idempotency.go:36.82,39.4 2 0
finance-ia/internal/config/resilience/idempotency.go:41.3,42.16 2 0
finance-ia/internal/config/resilience/idempotency.go:42.16,45.4 2 0
finance-ia/internal/config/resilience/idempotency.go:48.3,52.51 4 0
finance-ia/internal/config/resilience/idempotency.go:52.51,56.4 3 0
finance-ia/internal/config/resilience/idempotency.go:59.3,65.50 4 0
finance-ia/internal/config/resilience/idempotency.go:65.50,73.4 3 0
finance-ia/internal/config/resilience/idempotency.go:76.3,76.26 1 0
finance-ia/internal/config/resilience/idempotency.go:86.56,89.2 2 0
finance-ia/internal/config/resilience/idempotency.go:91.55,94.2 2 0
finance-ia/internal/config/resilience/idempotency.go:96.62,98.2 1 0
finance-ia/internal/config/resilience/idempotency.go:101.48,103.16 2 0
finance-ia/internal/config/resilience/idempotency.go:103.16,105.3 1 0
finance-ia/internal/config/resilience/idempotency.go:106.2,107.18 2 0
finance-ia/internal/config/resilience/idempotency.go:110.27,114.39 4 0
finance-ia/internal/config/resilience/idempotency.go:114.39,115.29 1 0
finance-ia/internal/config/resilience/idempotency.go:115.29,117.4 1 0
finance-ia/internal/domain/email/service.go:21.36,29.2 1 0
finance-ia/internal/domain/email/service.go:31.46,32.42 1 0
finance-ia/internal/domain/email/service.go:32.42,34.3 1 0
finance-ia/internal/domain/email/service.go:35.2,35.21 1 0
finance-ia/internal/domain/email/service.go:38.68,55.42 7 0
finance-ia/internal/domain/email/service.go:55.42,57.3 1 0
finance-ia/internal/domain/email/service.go:59.2,60.76 2 0
finance-ia/internal/domain/email/service.go:63.72,135.2 1 0
finance-ia/internal/domain/auth/service.go:24.101,26.2 1 0
finance-ia/internal/domain/auth/service.go:28.65,29.61 1 0
finance-ia/internal/domain/auth/service.go:29.61,31.3 1 0
finance-ia/internal/domain/auth/service.go:32.2,35.16 3 0
finance-ia/internal/domain/auth/service.go:35.16,37.3 1 0
finance-ia/internal/domain/auth/service.go:38.2,38.95 1 0
finance-ia/internal/domain/auth/service.go:38.95,40.3 1 0
finance-ia/internal/domain/auth/service.go:43.2,52.16 4 0
finance-ia/internal/domain/auth/service.go:52.16,54.3 1 0
finance-ia/internal/domain/auth/service.go:55.2,55.25 1 0
finance-ia/internal/domain/auth/service.go:58.69,59.17 1 0
finance-ia/internal/domain/auth/service.go:59.17,61.3 1 0
finance-ia/internal/domain/auth/service.go:62.2,62.34 1 0
finance-ia/internal/domain/auth/service.go:65.54,66.25 1 0
finance-ia/internal/domain/auth/service.go:66.25,68.3 1 0
finance-ia/internal/domain/auth/service.go:69.2,69.22 1 0
finance-ia/internal/domain/auth/service.go:69.22,71.3 1 0
finance-ia/internal/domain/auth/service.go:72.2,72.28 1 0
finance-ia/internal/domain/auth/service.go:75.73,77.83 2 0
finance-ia/internal/domain/auth/service.go:77.83,78.58 1 0
finance-ia/internal/domain/auth/service.go:78.58,80.4 1 0
finance-ia/internal/domain/auth/service.go:81.3,81.24 1 0
finance-ia/internal/domain/auth/service.go:83.2,83.16 1 0
finance-ia/internal/domain/auth/service.go:83.16,85.3 1 0
finance-ia/internal/domain/auth/service.go:86.2,86.18 1 0
finance-ia/internal/domain/auth/service.go:86.18,88.3 1 0
finance-ia/internal/domain/auth/service.go:89.2,89.19 1 0
finance-ia/internal/domain/auth/service.go:92.52,93.23 1 0
finance-ia/internal/domain/auth/service.go:93.23,95.3 1 0
finance-ia/internal/domain/auth/service.go:97.2,98.80 2 0
finance-ia/internal/domain/auth/service.go:98.80,99.54 1 0
finance-ia/internal/domain/auth/service.go:99.54,101.4 1 0
finance-ia/internal/domain/auth/service.go:102.3,102.24 1 0
finance-ia/internal/domain/auth/service.go:104.2,104.33 1 0
finance-ia/internal/domain/auth/service.go:104.33,106.3 1 0
finance-ia/internal/domain/auth/service.go:108.2,109.9 2 0
finance-ia/internal/domain/auth/service.go:109.9,111.3 1 0
finance-ia/internal/domain/auth/service.go:113.2,114.54 2 0
finance-ia/internal/domain/auth/service.go:114.54,116.3 1 0
finance-ia/internal/domain/auth/service.go:116.8,116.67 1 0
finance-ia/internal/domain/auth/service.go:116.67,118.3 1 0
finance-ia/internal/domain/auth/service.go:118.8,120.3 1 0
finance-ia/internal/domain/auth/service.go:121.2,122.16 2 0
finance-ia/internal/domain/auth/service.go:122.16,124.3 1 0
finance-ia/internal/domain/auth/service.go:126.2,127.47 2 0
finance-ia/internal/domain/auth/service.go:127.47,129.3 1 0
finance-ia/internal/domain/auth/service.go:131.2,131.12 1 0
finance-ia/internal/domain/auth/service.go:134.44,136.40 2 0
finance-ia/internal/domain/auth/service.go:136.40,138.3 1 0
finance-ia/internal/domain/auth/service.go:139.2,139.50 1 0
finance-ia/internal/domain/auth/service.go:142.54,143.17 1 0
finance-ia/internal/domain/auth/service.go:143.17,145.3 1 0
finance-ia/internal/domain/auth/service.go:147.2,148.16 2 0
finance-ia/internal/domain/auth/service.go:148.16,150.3 1 0
finance-ia/internal/domain/auth/service.go:153.2,154.16 2 0
finance-ia/internal/domain/auth/service.go:154.16,156.3 1 0
finance-ia/internal/domain/auth/service.go:159.2,167.68 2 0
finance-ia/internal/domain/auth/service.go:167.68,169.3 1 0
finance-ia/internal/domain/auth/service.go:172.2,172.71 1 0
finance-ia/internal/domain/auth/service.go:172.71,175.3 1 0
finance-ia/internal/domain/auth/service.go:177.2,177.12 1 0
finance-ia/internal/domain/auth/service.go:180.66,181.38 1 0
finance-ia/internal/domain/auth/service.go:181.38,183.3 1 0
finance-ia/internal/domain/auth/service.go:186.2,186.26 1 0
finance-ia/internal/domain/auth/service.go:186.26,188.3 1 0
finance-ia/internal/domain/auth/service.go:191.2,192.16 2 0
finance-ia/internal/domain/auth/service.go:192.16,194.3 1 0
finance-ia/internal/domain/auth/service.go:197.2,197.21 1 0
finance-ia/internal/domain/auth/service.go:197.21,199.3 1 0
finance-ia/internal/domain/auth/service.go:202.2,202.44 1 0
finance-ia/internal/domain/auth/service.go:202.44,204.3 1 0
finance-ia/internal/domain/auth/service.go:206.2,207.16 2 0
finance-ia/internal/domain/auth/service.go:207.16,209.3 1 0
finance-ia/internal/domain/auth/service.go:210.2,214.16 3 0
finance-ia/internal/domain/auth/service.go:214.16,216.3 1 0
finance-ia/internal/domain/auth/service.go:219.2,220.70 2 0
finance-ia/internal/domain/auth/service.go:220.70,222.3 1 0
finance-ia/internal/domain/auth/service.go:225.2,226.70 2 0
finance-ia/internal/domain/auth/service.go:226.70,228.3 1 0
finance-ia/internal/domain/auth/service.go:230.2,230.12 1 0
finance-ia/internal/domain/auth/validation.go:9.46,10.18 1 0
finance-ia/internal/domain/auth/validation.go:10.18,12.4 1 0
finance-ia/internal/domain/auth/validation.go:13.3,14.17 2 0
finance-ia/internal/domain/auth/validation.go:14.17,16.4 1 0
finance-ia/internal/domain/auth/validation.go:17.3,17.13 1 0
finance-ia/internal/domain/auth/validation.go:20.56,21.36 1 0
finance-ia/internal/domain/auth/validation.go:21.36,23.4 1 0
finance-ia/internal/domain/auth/validation.go:24.3,24.52 1 0
finance-ia/internal/domain/auth/validation.go:24.52,26.4 1 0
finance-ia/internal/domain/auth/validation.go:27.3,27.13 1 0
finance-ia/internal/domain/auth/validation.go:30.35,32.2 1 0
finance-ia/internal/domain/subscription/entity.go:59.48,60.14 1 0
finance-ia/internal/domain/subscription/entity.go:61.17,79.4 1 0
finance-ia/internal/domain/subscription/entity.go:80.13,98.4 1 0
finance-ia/internal/domain/subscription/entity.go:99.10,115.4 1 0
finance-ia/internal/domain/user/service.go:13.43,15.2 1 0
finance-ia/internal/domain/user/service.go:17.88,19.49 2 0
finance-ia/internal/domain/user/service.go:19.49,21.3 1 0
finance-ia/internal/domain/user/service.go:23.2,23.44 1 0
finance-ia/internal/domain/user/service.go:23.44,25.3 1 0
finance-ia/internal/domain/user/service.go:26.2,26.18 1 0
finance-ia/internal/domain/user/service.go:29.45,31.16 2 0
finance-ia/internal/domain/user/service.go:31.16,33.3 1 0
finance-ia/internal/domain/user/service.go:34.2,34.21 1 0
finance-ia/internal/domain/user/service.go:34.21,36.3 1 0
finance-ia/internal/domain/user/service.go:37.2,37.19 1 0
finance-ia/internal/domain/user/service.go:40.56,41.20 1 0
finance-ia/internal/domain/user/service.go:41.20,43.6 1 0
finance-ia/internal/domain/user/service.go:44.2,45.16 2 0
finance-ia/internal/domain/user/service.go:45.16,47.3 1 0
finance-ia/internal/domain/user/service.go:48.3,48.19 1 0
finance-ia/internal/domain/user/service.go:51.59,53.2 1 0
finance-ia/internal/domain/user/service.go:55.44,56.25 1 0
finance-ia/internal/domain/user/service.go:56.25,58.3 1 0
finance-ia/internal/domain/user/service.go:59.2,59.46 1 0
finance-ia/internal/domain/user/service.go:59.46,61.3 1 0
finance-ia/internal/domain/user/service.go:62.2,62.28 1 0
finance-ia/internal/domain/user/service.go:65.44,66.25 1 0
finance-ia/internal/domain/user/service.go:66.25,68.3 1 0
finance-ia/internal/domain/user/service.go:69.2,69.28 1 0
finance-ia/internal/domain/user/validation.go:10.43,12.47 2 0
finance-ia/internal/domain/user/validation.go:12.47,14.4 1 0
finance-ia/internal/domain/user/validation.go:15.3,15.13 1 0
finance-ia/internal/domain/user/validation.go:18.46,19.18 1 0
finance-ia/internal/domain/user/validation.go:19.18,21.4 1 0
finance-ia/internal/domain/user/validation.go:22.3,23.17 2 0
finance-ia/internal/domain/user/validation.go:23.17,25.4 1 0
finance-ia/internal/domain/user/validation.go:26.3,26.13 1 0
finance-ia/internal/infrastructure/ai/gemini_provider.go:21.51,23.18 2 0
finance-ia/internal/infrastructure/ai/gemini_provider.go:23.18,25.3 1 0
finance-ia/internal/infrastructure/ai/gemini_provider.go:27.2,32.16 3 0
finance-ia/internal/infrastructure/ai/gemini_provider.go:32.16,34.3 1 0
finance-ia/internal/infrastructure/ai/gemini_provider.go:36.2,39.8 1 0
finance-ia/internal/infrastructure/ai/gemini_provider.go:43.90,47.16 3 0
finance-ia/internal/infrastructure/ai/gemini_provider.go:47.16,49.3 1 0
finance-ia/internal/infrastructure/ai/gemini_provider.go:51.2,55.8 1 0
finance-ia/internal/infrastructure/ai/gemini_provider.go:59.97,83.28 3 0
finance-ia/internal/infrastructure/ai/gemini_provider.go:83.28,85.17 2 0
finance-ia/internal/infrastructure/ai/gemini_provider.go:85.17,86.12 1 0
finance-ia/internal/infrastructure/ai/gemini_provider.go:88.3,92.5 1 0
finance-ia/internal/infrastructure/ai/gemini_provider.go:95.2,95.22 1 0
finance-ia/internal/infrastructure/ai/gemini_provider.go:98.66,108.16 4 0
finance-ia/internal/infrastructure/ai/gemini_provider.go:108.16,110.3 1 0
finance-ia/internal/infrastructure/ai/gemini_provider.go:112.2,112.33 1 0
finance-ia/internal/infrastructure/ai/gemini_provider.go:112.33,114.3 1 0
finance-ia/internal/infrastructure/ai/gemini_provider.go:116.2,117.58 2 0
finance-ia/internal/infrastructure/ai/gemini_provider.go:117.58,118.22 1 0
finance-ia/internal/infrastructure/ai/gemini_provider.go:118.22,120.4 1 0
finance-ia/internal/infrastructure/ai/gemini_provider.go:123.2,123.37 1 0
finance-ia/internal/infrastructure/ai/gemini_provider.go:126.61,155.2 1 0
finance-ia/internal/infrastructure/ai/gemini_provider.go:157.66,182.2 1 0
finance-ia/internal/infrastructure/ai/gemini_provider.go:184.65,206.2 1 0
finance-ia/internal/infrastructure/ai/gemini_provider.go:208.60,226.2 1 0
finance-ia/internal/infrastructure/ai/gemini_provider.go:228.55,229.20 1 0
finance-ia/internal/infrastructure/ai/gemini_provider.go:229.20,231.3 1 0
finance-ia/internal/infrastructure/ai/gemini_provider.go:232.2,233.25 2 0
finance-ia/internal/infrastructure/ai/gemini_provider.go:233.25,235.3 1 0
finance-ia/internal/infrastructure/ai/gemini_provider.go:236.2,236.20 1 0
finance-ia/internal/infrastructure/ai/gemini_provider.go:239.50,240.22 1 0
finance-ia/internal/infrastructure/ai/gemini_provider.go:240.22,242.3 1 0
finance-ia/internal/infrastructure/ai/gemini_provider.go:243.2,244.27 2 0
finance-ia/internal/infrastructure/ai/gemini_provider.go:244.27,246.3 1 0
finance-ia/internal/infrastructure/ai/gemini_provider.go:247.2,247.20 1 0
finance-ia/internal/domain/ai/service.go:22.78,27.2 1 9
finance-ia/internal/domain/ai/service.go:30.103,35.76 3 6
finance-ia/internal/domain/ai/service.go:35.76,37.3 1 1
finance-ia/internal/domain/ai/service.go:40.2,41.15 2 5
finance-ia/internal/domain/ai/service.go:41.15,44.17 3 3
finance-ia/internal/domain/ai/service.go:44.17,46.4 1 0
finance-ia/internal/domain/ai/service.go:47.3,47.28 1 3
finance-ia/internal/domain/ai/service.go:47.28,49.4 1 1
finance-ia/internal/domain/ai/service.go:53.2,57.16 4 4
finance-ia/internal/domain/ai/service.go:57.16,59.3 1 1
finance-ia/internal/domain/ai/service.go:61.2,67.20 5 3
finance-ia/internal/domain/ai/service.go:67.20,69.3 1 1
finance-ia/internal/domain/ai/service.go:69.8,71.3 1 2
finance-ia/internal/domain/ai/service.go:73.2,73.52 1 3
finance-ia/internal/domain/ai/service.go:73.52,75.3 1 0
finance-ia/internal/domain/ai/service.go:77.2,77.21 1 3
finance-ia/internal/domain/ai/service.go:81.110,82.20 1 3
finance-ia/internal/domain/ai/service.go:82.20,84.3 1 1
finance-ia/internal/domain/ai/service.go:86.2,90.16 4 2
finance-ia/internal/domain/ai/service.go:90.16,92.3 1 0
finance-ia/internal/domain/ai/service.go:94.2,94.35 1 2
finance-ia/internal/domain/ai/service.go:94.35,101.3 6 2
finance-ia/internal/domain/ai/service.go:103.2,103.22 1 2
finance-ia/internal/domain/finance/behavior.go:13.82,18.16 4 6
finance-ia/internal/domain/finance/behavior.go:18.16,20.3 1 0
finance-ia/internal/domain/finance/behavior.go:22.2,22.19 1 6
finance-ia/internal/domain/finance/behavior.go:22.19,24.3 1 1
finance-ia/internal/domain/finance/behavior.go:26.2,46.25 12 5
finance-ia/internal/domain/finance/behavior.go:46.25,47.39 1 114
finance-ia/internal/domain/finance/behavior.go:47.39,49.12 2 2
finance-ia/internal/domain/finance/behavior.go:52.3,57.16 5 112
finance-ia/internal/domain/finance/behavior.go:57.16,60.4 2 27
finance-ia/internal/domain/finance/behavior.go:60.9,63.4 2 85
finance-ia/internal/domain/finance/behavior.go:66.3,66.40 1 112
finance-ia/internal/domain/finance/behavior.go:66.40,69.4 2 69
finance-ia/internal/domain/finance/behavior.go:72.3,72.25 1 112
finance-ia/internal/domain/finance/behavior.go:72.25,74.43 2 15
finance-ia/internal/domain/finance/behavior.go:74.43,77.5 2 2
finance-ia/internal/domain/finance/behavior.go:78.4,78.50 1 15
finance-ia/internal/domain/finance/behavior.go:82.2,88.22 5 5
finance-ia/internal/domain/finance/behavior.go:88.22,90.3 1 4
finance-ia/internal/domain/finance/behavior.go:91.2,91.23 1 5
finance-ia/internal/domain/finance/behavior.go:91.23,93.3 1 5
finance-ia/internal/domain/finance/behavior.go:94.2,94.20 1 5
finance-ia/internal/domain/finance/behavior.go:94.20,96.3 1 5
finance-ia/internal/domain/finance/behavior.go:99.2,100.18 2 5
finance-ia/internal/domain/finance/behavior.go:100.18,102.3 1 5
finance-ia/internal/domain/finance/behavior.go:105.2,107.38 3 5
finance-ia/internal/domain/finance/behavior.go:107.38,109.26 2 35
finance-ia/internal/domain/finance/behavior.go:109.26,111.4 1 30
finance-ia/internal/domain/finance/behavior.go:112.3,112.22 1 35
finance-ia/internal/domain/finance/behavior.go:112.22,115.4 2 9
finance-ia/internal/domain/finance/behavior.go:117.2,121.26 3 5
finance-ia/internal/domain/finance/behavior.go:121.26,125.26 3 2
finance-ia/internal/domain/finance/behavior.go:125.26,126.40 1 67
finance-ia/internal/domain/finance/behavior.go:126.40,127.13 1 2
finance-ia/internal/domain/finance/behavior.go:129.4,130.40 2 65
finance-ia/internal/domain/finance/behavior.go:130.40,132.31 2 65
finance-ia/internal/domain/finance/behavior.go:132.31,134.11 2 9
finance-ia/internal/domain/finance/behavior.go:137.4,137.21 1 65
finance-ia/internal/domain/finance/behavior.go:137.21,140.5 2 9
finance-ia/internal/domain/finance/behavior.go:140.10,143.5 2 56
finance-ia/internal/domain/finance/behavior.go:146.3,148.20 3 2
finance-ia/internal/domain/finance/behavior.go:148.20,150.4 1 2
finance-ia/internal/domain/finance/behavior.go:151.3,151.21 1 2
finance-ia/internal/domain/finance/behavior.go:151.21,153.4 1 2
finance-ia/internal/domain/finance/behavior.go:155.3,155.31 1 2
finance-ia/internal/domain/finance/behavior.go:155.31,158.4 2 2
finance-ia/internal/domain/finance/behavior.go:162.2,165.43 3 5
finance-ia/internal/domain/finance/behavior.go:165.43,168.27 3 2
finance-ia/internal/domain/finance/behavior.go:168.27,170.19 2 2
finance-ia/internal/domain/finance/behavior.go:170.19,178.5 1 1
finance-ia/internal/domain/finance/behavior.go:183.2,184.42 2 5
finance-ia/internal/domain/finance/behavior.go:184.42,186.3 1 1
finance-ia/internal/domain/finance/behavior.go:187.2,187.42 1 5
finance-ia/internal/domain/finance/behavior.go:187.42,189.3 1 1
finance-ia/internal/domain/finance/behavior.go:190.2,190.37 1 5
finance-ia/internal/domain/finance/behavior.go:190.37,192.3 1 2
finance-ia/internal/domain/finance/behavior.go:193.2,193.43 1 5
finance-ia/internal/domain/finance/behavior.go:193.43,195.3 1 1
finance-ia/internal/domain/finance/behavior.go:196.2,196.42 1 5
finance-ia/internal/domain/finance/behavior.go:196.42,198.3 1 3
finance-ia/internal/domain/finance/behavior.go:200.2,200.9 1 5
finance-ia/internal/domain/finance/behavior.go:201.22,203.115 2 0
finance-ia/internal/domain/finance/behavior.go:204.22,206.132 2 2
finance-ia/internal/domain/finance/behavior.go:207.10,209.94 2 3
finance-ia/internal/domain/finance/behavior.go:212.2,212.22 1 5
finance-ia/internal/domain/finance/behavior.go:215.34,217.2 1 15
finance-ia/internal/domain/finance/service.go:17.118,23.2 1 28
finance-ia/internal/domain/finance/service.go:27.60,28.27 1 7
finance-ia/internal/domain/finance/service.go:28.27,30.3 1 1
finance-ia/internal/domain/finance/service.go:31.2,31.20 1 6
finance-ia/internal/domain/finance/service.go:31.20,33.3 1 2
finance-ia/internal/domain/finance/service.go:34.2,34.75 1 4
finance-ia/internal/domain/finance/service.go:34.75,36.3 1 1
finance-ia/internal/domain/finance/service.go:37.2,37.22 1 3
finance-ia/internal/domain/finance/service.go:37.22,39.3 1 1
finance-ia/internal/domain/finance/service.go:42.2,42.29 1 3
finance-ia/internal/domain/finance/service.go:42.29,44.36 2 1
finance-ia/internal/domain/finance/service.go:44.36,47.4 2 1
finance-ia/internal/domain/finance/service.go:50.2,50.28 1 2
finance-ia/internal/domain/finance/service.go:53.93,54.31 1 2
finance-ia/internal/domain/finance/service.go:54.31,56.3 1 1
finance-ia/internal/domain/finance/service.go:57.2,57.23 1 1
finance-ia/internal/domain/finance/service.go:57.23,59.3 1 1
finance-ia/internal/domain/finance/service.go:60.2,60.36 1 1
finance-ia/internal/domain/finance/service.go:63.75,65.2 1 0
finance-ia/internal/domain/finance/service.go:69.72,71.2 1 0
finance-ia/internal/domain/finance/service.go:73.63,75.2 1 0
finance-ia/internal/domain/finance/service.go:77.55,78.20 1 2
finance-ia/internal/domain/finance/service.go:78.20,80.3 1 1
finance-ia/internal/domain/finance/service.go:81.2,81.35 1 1
finance-ia/internal/domain/finance/service.go:86.54,87.31 1 3
finance-ia/internal/domain/finance/service.go:87.31,89.3 1 1
finance-ia/internal/domain/finance/service.go:90.2,90.29 1 2
finance-ia/internal/domain/finance/service.go:90.29,92.3 1 1
finance-ia/internal/domain/finance/service.go:94.2,97.36 4 1
finance-ia/internal/domain/finance/service.go:100.71,103.2 2 8
finance-ia/internal/domain/finance/service.go:107.84,113.16 5 8
finance-ia/internal/domain/finance/service.go:113.16,115.3 1 0
finance-ia/internal/domain/finance/service.go:117.2,120.34 3 8
finance-ia/internal/domain/finance/service.go:120.34,121.39 1 14
finance-ia/internal/domain/finance/service.go:121.39,123.4 1 7
finance-ia/internal/domain/finance/service.go:123.9,125.50 2 7
finance-ia/internal/domain/finance/service.go:125.50,126.53 1 0
finance-ia/internal/domain/finance/service.go:126.53,132.6 1 0
finance-ia/internal/domain/finance/service.go:133.5,133.54 1 0
finance-ia/internal/domain/finance/service.go:138.2,142.21 3 8
finance-ia/internal/domain/finance/service.go:142.21,144.3 1 7
finance-ia/internal/domain/finance/service.go:147.2,148.36 2 8
finance-ia/internal/domain/finance/service.go:148.36,149.24 1 0
finance-ia/internal/domain/finance/service.go:149.24,151.4 1 0
finance-ia/internal/domain/finance/service.go:152.3,152.37 1 0
finance-ia/internal/domain/finance/service.go:156.2,161.17 4 8
finance-ia/internal/domain/finance/service.go:161.17,164.3 2 2
finance-ia/internal/domain/finance/service.go:164.8,164.30 1 6
finance-ia/internal/domain/finance/service.go:164.30,166.39 2 5
finance-ia/internal/domain/finance/service.go:166.39,168.17 2 5
finance-ia/internal/domain/finance/service.go:168.17,170.5 1 5
finance-ia/internal/domain/finance/service.go:175.2,191.8 3 8
finance-ia/internal/domain/finance/service.go:194.91,198.35 3 8
finance-ia/internal/domain/finance/service.go:198.35,204.17 5 48
finance-ia/internal/domain/finance/service.go:204.17,205.12 1 0
finance-ia/internal/domain/finance/service.go:208.3,209.26 2 48
finance-ia/internal/domain/finance/service.go:209.26,210.40 1 14
finance-ia/internal/domain/finance/service.go:210.40,212.5 1 7
finance-ia/internal/domain/finance/service.go:212.10,214.5 1 7
finance-ia/internal/domain/finance/service.go:216.3,220.5 1 48
finance-ia/internal/domain/finance/service.go:222.2,222.20 1 8
finance-ia/internal/domain/finance/service.go:225.69,229.9 2 8
finance-ia/internal/domain/finance/service.go:230.25,231.15 1 2
finance-ia/internal/domain/finance/service.go:232.25,233.15 1 1
finance-ia/internal/domain/finance/service.go:234.25,235.15 1 1
finance-ia/internal/domain/finance/service.go:236.24,237.13 1 2
finance-ia/internal/domain/finance/service.go:238.10,239.15 1 2
finance-ia/internal/domain/finance/service.go:243.2,243.16 1 8
finance-ia/internal/domain/finance/service.go:243.16,245.26 2 7
finance-ia/internal/domain/finance/service.go:245.26,247.4 1 1
finance-ia/internal/domain/finance/service.go:247.9,247.33 1 6
finance-ia/internal/domain/finance/service.go:247.33,249.4 1 2
finance-ia/internal/domain/finance/service.go:249.9,249.30 1 4
finance-ia/internal/domain/finance/service.go:249.30,251.4 1 2
finance-ia/internal/domain/finance/service.go:254.2,254.15 1 8
finance-ia/internal/domain/finance/service.go:254.15,256.3 1 0
finance-ia/internal/domain/finance/service.go:257.2,257.18 1 8
finance-ia/internal/domain/finance/service.go:257.18,259.3 1 0
finance-ia/internal/domain/finance/service.go:260.2,260.14 1 8
finance-ia/internal/domain/finance/service.go:263.43,264.9 1 8
finance-ia/internal/domain/finance/service.go:265.20,266.20 1 2
finance-ia/internal/domain/finance/service.go:267.20,268.19 1 1
finance-ia/internal/domain/finance/service.go:269.20,270.16 1 1
finance-ia/internal/domain/finance/service.go:271.20,272.17 1 2
finance-ia/internal/domain/finance/service.go:273.10,274.18 1 2
finance-ia/internal/infrastructure/database/ai/insight_repository.go:15.59,17.2 1 0
finance-ia/internal/infrastructure/database/ai/insight_repository.go:19.63,21.2 1 0
finance-ia/internal/infrastructure/database/ai/insight_repository.go:23.102,28.37 2 0
finance-ia/internal/infrastructure/database/ai/insight_repository.go:28.37,30.3 1 0
finance-ia/internal/infrastructure/database/ai/insight_repository.go:31.2,31.22 1 0
finance-ia/internal/infrastructure/database/ai/insight_repository.go:34.105,38.35 2 0
finance-ia/internal/infrastructure/database/ai/insight_repository.go:38.35,40.3 1 0
finance-ia/internal/infrastructure/database/ai/insight_repository.go:41.2,41.19 1 0
finance-ia/internal/infrastructure/payment/stripe/adapter.go:24.28,29.2 2 0
finance-ia/internal/infrastructure/payment/stripe/adapter.go:31.110,46.16 3 0
finance-ia/internal/infrastructure/payment/stripe/adapter.go:46.16,48.3 1 0
finance-ia/internal/infrastructure/payment/stripe/adapter.go:50.2,53.8 1 0
finance-ia/internal/infrastructure/payment/stripe/adapter.go:56.107,63.16 3 0
finance-ia/internal/infrastructure/payment/stripe/adapter.go:63.16,65.3 1 0
finance-ia/internal/infrastructure/payment/stripe/adapter.go:67.2,67.47 1 0
finance-ia/internal/infrastructure/payment/stripe/adapter.go:70.70,77.16 3 0
finance-ia/internal/infrastructure/payment/stripe/adapter.go:77.16,79.3 1 0
finance-ia/internal/infrastructure/payment/stripe/adapter.go:81.2,81.18 1 0
finance-ia/internal/infrastructure/payment/stripe/adapter.go:84.89,86.16 2 0
finance-ia/internal/infrastructure/payment/stripe/adapter.go:86.16,88.3 1 0
finance-ia/internal/infrastructure/payment/stripe/adapter.go:90.2,91.29 2 0
finance-ia/internal/infrastructure/payment/stripe/adapter.go:91.29,93.3 1 0
finance-ia/internal/infrastructure/payment/stripe/adapter.go:95.2,102.8 1 0
finance-ia/internal/infrastructure/payment/stripe/adapter.go:105.63,110.16 3 0
finance-ia/internal/infrastructure/payment/stripe/adapter.go:110.16,112.3 1 0
finance-ia/internal/infrastructure/payment/stripe/adapter.go:113.2,113.12 1 0
finance-ia/internal/infrastructure/payment/stripe/adapter.go:116.102,118.16 2 0
finance-ia/internal/infrastructure/payment/stripe/adapter.go:118.16,120.3 1 0
finance-ia/internal/infrastructure/payment/stripe/adapter.go:122.2,124.20 2 0
finance-ia/internal/infrastructure/payment/stripe/adapter.go:125.36,127.60 2 0
finance-ia/internal/infrastructure/payment/stripe/adapter.go:127.60,129.4 1 0
finance-ia/internal/infrastructure/payment/stripe/adapter.go:130.3,131.24 2 0
finance-ia/internal/infrastructure/payment/stripe/adapter.go:131.24,133.4 1 0
finance-ia/internal/infrastructure/payment/stripe/adapter.go:134.3,137.5 1 0
finance-ia/internal/infrastructure/payment/stripe/adapter.go:139.39,141.62 2 0
finance-ia/internal/infrastructure/payment/stripe/adapter.go:141.62,143.4 1 0
finance-ia/internal/infrastructure/payment/stripe/adapter.go:144.3,145.30 2 0
finance-ia/internal/infrastructure/payment/stripe/adapter.go:145.30,147.4 1 0
finance-ia/internal/infrastructure/payment/stripe/adapter.go:148.3,149.26 2 0
finance-ia/internal/infrastructure/payment/stripe/adapter.go:149.26,151.4 1 0
finance-ia/internal/infrastructure/payment/stripe/adapter.go:152.3,158.5 1 0
finance-ia/internal/infrastructure/payment/stripe/adapter.go:160.39,162.62 2 0
finance-ia/internal/infrastructure/payment/stripe/adapter.go:162.62,164.4 1 0
finance-ia/internal/infrastructure/payment/stripe/adapter.go:165.3,166.26 2 0
finance-ia/internal/infrastructure/payment/stripe/adapter.go:166.26,168.4 1 0
finance-ia/internal/infrastructure/payment/stripe/adapter.go:169.3,174.5 1 0
finance-ia/internal/infrastructure/payment/stripe/adapter.go:177.2,177.20 1 0
finance-ia/internal/infrastructure/payment/stripe/adapter.go:182.45,183.17 1 0
finance-ia/internal/infrastructure/payment/stripe/adapter.go:184.83,185.19 1 0
finance-ia/internal/infrastructure/payment/stripe/adapter.go:186.75,187.15 1 0
finance-ia/internal/infrastructure/payment/stripe/adapter.go:188.10,189.16 1 0
finance-ia/internal/infrastructure/database/user/user_repository.go:14.53,16.2 1 0
finance-ia/internal/infrastructure/database/user/user_repository.go:18.53,20.2 1 0
finance-ia/internal/infrastructure/database/user/user_repository.go:22.69,24.49 2 0
finance-ia/internal/infrastructure/database/user/user_repository.go:24.49,26.3 1 0
finance-ia/internal/infrastructure/database/user/user_repository.go:27.2,27.16 1 0
finance-ia/internal/infrastructure/database/user/user_repository.go:30.58,32.48 2 0
finance-ia/internal/infrastructure/database/user/user_repository.go:32.48,34.3 1 0
finance-ia/internal/infrastructure/database/user/user_repository.go:35.2,35.21 1 0
finance-ia/internal/infrastructure/database/user/user_repository.go:35.21,37.3 1 0
finance-ia/internal/infrastructure/database/user/user_repository.go:38.2,38.19 1 0
finance-ia/internal/infrastructure/database/user/user_repository.go:41.72,43.71 2 0
finance-ia/internal/infrastructure/database/user/user_repository.go:43.71,45.3 1 0
finance-ia/internal/infrastructure/database/user/user_repository.go:46.2,46.16 1 0
finance-ia/internal/infrastructure/database/user/user_repository.go:49.53,51.2 1 0
finance-ia/internal/infrastructure/database/user/user_repository.go:53.53,55.2 1 0
finance-ia/internal/infrastructure/cache/redis_client.go:28.43,30.15 2 0
finance-ia/internal/infrastructure/cache/redis_client.go:30.15,32.3 1 0
finance-ia/internal/infrastructure/cache/redis_client.go:34.2,35.16 2 0
finance-ia/internal/infrastructure/cache/redis_client.go:35.16,37.3 1 0
finance-ia/internal/infrastructure/cache/redis_client.go:39.2,44.47 4 0
finance-ia/internal/infrastructure/cache/redis_client.go:44.47,46.3 1 0
finance-ia/internal/infrastructure/cache/redis_client.go:48.2,48.41 1 0
finance-ia/internal/infrastructure/cache/redis_client.go:51.75,53.22 2 0
finance-ia/internal/infrastructure/cache/redis_client.go:53.22,55.3 1 0
finance-ia/internal/infrastructure/cache/redis_client.go:56.2,56.17 1 0
finance-ia/internal/infrastructure/cache/redis_client.go:59.91,61.2 1 0
finance-ia/internal/infrastructure/cache/redis_client.go:63.69,65.2 1 0
finance-ia/internal/infrastructure/cache/redis_client.go:67.76,70.2 2 0
finance-ia/internal/infrastructure/cache/redis_client.go:72.75,74.2 1 0
finance-ia/internal/infrastructure/cache/redis_client.go:76.87,78.2 1 0
finance-ia/internal/infrastructure/cache/redis_client.go:83.70,85.2 1 0
finance-ia/internal/infrastructure/cache/redis_client.go:86.80,86.94 1 0
finance-ia/internal/infrastructure/cache/redis_client.go:87.80,87.94 1 0
finance-ia/internal/infrastructure/cache/redis_client.go:88.80,88.101 1 0
finance-ia/internal/infrastructure/cache/redis_client.go:89.80,89.97 1 0
finance-ia/internal/infrastructure/cache/redis_client.go:90.80,90.94 1 0
finance-ia/internal/infrastructure/database/email/token_repository.go:21.46,23.2 1 0
finance-ia/internal/infrastructure/database/email/token_repository.go:30.55,32.2 1 0
finance-ia/internal/infrastructure/database/email/token_repository.go:34.75,35.20 1 0
finance-ia/internal/infrastructure/database/email/token_repository.go:35.20,37.3 1 0
finance-ia/internal/infrastructure/database/email/token_repository.go:38.2,38.30 1 0
finance-ia/internal/infrastructure/database/email/token_repository.go:38.30,40.3 1 0
finance-ia/internal/infrastructure/database/email/token_repository.go:42.2,43.21 2 0
finance-ia/internal/infrastructure/database/email/token_repository.go:46.85,51.53 3 0
finance-ia/internal/infrastructure/database/email/token_repository.go:51.53,53.3 1 0
finance-ia/internal/infrastructure/database/email/token_repository.go:55.2,55.25 1 0
finance-ia/internal/infrastructure/database/email/token_repository.go:55.25,57.3 1 0
finance-ia/internal/infrastructure/database/email/token_repository.go:59.2,59.24 1 0
finance-ia/internal/infrastructure/database/email/token_repository.go:62.77,68.25 2 0
finance-ia/internal/infrastructure/database/email/token_repository.go:68.25,70.3 1 0
finance-ia/internal/infrastructure/database/email/token_repository.go:72.2,72.30 1 0
finance-ia/internal/infrastructure/database/email/token_repository.go:72.30,74.3 1 0
finance-ia/internal/infrastructure/database/email/token_repository.go:76.2,76.12 1 0
finance-ia/internal/infrastructure/database/email/token_repository.go:79.55,88.2 3 0
finance-ia/internal/infrastructure/database/email/token_repository.go:91.85,99.2 3 0
finance-ia/internal/infrastructure/database/email/token_repository.go:102.69,108.2 2 0
finance-ia/internal/infrastructure/database/subscription/subscription_repository.go:15.69,17.2 1 0
finance-ia/internal/infrastructure/database/subscription/subscription_repository.go:19.79,28.2 1 0
finance-ia/internal/infrastructure/database/subscription/subscription_repository.go:30.101,32.76 2 0
finance-ia/internal/infrastructure/database/subscription/subscription_repository.go:32.76,34.3 1 0
finance-ia/internal/infrastructure/database/subscription/subscription_repository.go:35.2,35.18 1 0
finance-ia/internal/infrastructure/database/subscription/subscription_repository.go:38.106,40.84 2 0
finance-ia/internal/infrastructure/database/subscription/subscription_repository.go:40.84,42.3 1 0
finance-ia/internal/infrastructure/database/subscription/subscription_repository.go:43.2,43.18 1 0
finance-ia/internal/infrastructure/database/auth/auth_repository.go:18.53,20.2 1 0
finance-ia/internal/infrastructure/database/auth/auth_repository.go:22.82,24.74 2 0
finance-ia/internal/infrastructure/database/auth/auth_repository.go:24.74,32.6 1 0
finance-ia/internal/infrastructure/database/auth/auth_repository.go:33.5,33.39 1 0
finance-ia/internal/infrastructure/database/auth/auth_repository.go:36.79,40.53 3 0
finance-ia/internal/infrastructure/database/auth/auth_repository.go:40.53,42.3 1 0
finance-ia/internal/infrastructure/database/auth/auth_repository.go:44.2,44.31 1 0
finance-ia/internal/infrastructure/database/auth/auth_repository.go:47.72,49.98 2 0
finance-ia/internal/infrastructure/database/auth/auth_repository.go:49.98,51.3 1 0
finance-ia/internal/infrastructure/database/auth/auth_repository.go:52.2,52.21 1 0
finance-ia/internal/infrastructure/database/auth/auth_repository.go:55.73,57.2 1 0
finance-ia/internal/infrastructure/database/auth/auth_repository.go:59.63,61.71 2 0
finance-ia/internal/infrastructure/database/auth/auth_repository.go:61.71,63.3 1 0
finance-ia/internal/infrastructure/database/auth/auth_repository.go:66.2,67.12 2 0
finance-ia/internal/infrastructure/database/auth/auth_repository.go:70.66,72.2 1 0
finance-ia/internal/infrastructure/database/auth/auth_repository.go:74.80,76.83 2 0
finance-ia/internal/infrastructure/database/auth/auth_repository.go:76.83,77.58 1 0
finance-ia/internal/infrastructure/database/auth/auth_repository.go:77.58,79.4 1 0
finance-ia/internal/infrastructure/database/auth/auth_repository.go:80.3,80.24 1 0
finance-ia/internal/infrastructure/database/auth/auth_repository.go:82.2,82.16 1 0
finance-ia/internal/infrastructure/database/auth/auth_repository.go:82.16,84.3 1 0
finance-ia/internal/infrastructure/database/auth/auth_repository.go:85.2,85.18 1 0
finance-ia/internal/infrastructure/database/auth/auth_repository.go:85.18,87.3 1 0
finance-ia/internal/infrastructure/database/auth/auth_repository.go:88.2,88.19 1 0
finance-ia/internal/infrastructure/database/auth/auth_repository.go:91.53,92.18 1 0
finance-ia/internal/infrastructure/database/auth/auth_repository.go:92.18,94.4 1 0
finance-ia/internal/infrastructure/database/auth/auth_repository.go:98.3,98.13 1 0
finance-ia/internal/infrastructure/database/finance/budget_repository.go:15.57,17.2 1 0
finance-ia/internal/infrastructure/database/finance/budget_repository.go:19.65,27.2 1 0
finance-ia/internal/infrastructure/database/finance/budget_repository.go:29.106,31.102 2 0
finance-ia/internal/infrastructure/database/finance/budget_repository.go:31.102,33.3 1 0
finance-ia/internal/infrastructure/database/finance/budget_repository.go:34.2,34.21 1 0
finance-ia/internal/infrastructure/database/finance/category_repository.go:14.61,16.2 1 0
finance-ia/internal/infrastructure/database/finance/category_repository.go:18.66,20.2 1 0
finance-ia/internal/infrastructure/database/finance/category_repository.go:22.80,24.61 2 0
finance-ia/internal/infrastructure/database/finance/category_repository.go:24.61,26.3 1 0
finance-ia/internal/infrastructure/database/finance/category_repository.go:27.2,27.18 1 0
finance-ia/internal/infrastructure/database/finance/category_repository.go:31.89,34.19 3 0
finance-ia/internal/infrastructure/database/finance/category_repository.go:34.19,36.3 1 0
finance-ia/internal/infrastructure/database/finance/category_repository.go:37.2,37.83 1 0
finance-ia/internal/infrastructure/database/finance/category_repository.go:37.83,39.3 1 0
finance-ia/internal/infrastructure/database/finance/category_repository.go:40.2,40.18 1 0
finance-ia/internal/infrastructure/database/finance/category_repository.go:43.66,45.2 1 0
finance-ia/internal/infrastructure/database/finance/category_repository.go:47.75,50.2 1 0
finance-ia/internal/infrastructure/database/finance/category_repository.go:53.51,72.26 2 0
finance-ia/internal/infrastructure/database/finance/category_repository.go:72.26,75.3 1 0
finance-ia/internal/infrastructure/database/finance/category_repository.go:76.2,76.12 1 0
finance-ia/internal/infrastructure/database/finance/transaction_repository.go:16.67,18.2 1 0
finance-ia/internal/infrastructure/database/finance/transaction_repository.go:20.71,22.2 1 0
finance-ia/internal/infrastructure/database/finance/transaction_repository.go:24.86,26.80 2 0
finance-ia/internal/infrastructure/database/finance/transaction_repository.go:26.80,28.3 1 0
finance-ia/internal/infrastructure/database/finance/transaction_repository.go:29.2,29.17 1 0
finance-ia/internal/infrastructure/database/finance/transaction_repository.go:32.117,37.24 2 0
finance-ia/internal/infrastructure/database/finance/transaction_repository.go:37.24,39.3 1 0
finance-ia/internal/infrastructure/database/finance/transaction_repository.go:40.2,40.30 1 0
finance-ia/internal/infrastructure/database/finance/transaction_repository.go:40.30,42.3 1 0
finance-ia/internal/infrastructure/database/finance/transaction_repository.go:43.2,43.29 1 0
finance-ia/internal/infrastructure/database/finance/transaction_repository.go:43.29,45.3 1 0
finance-ia/internal/infrastructure/database/finance/transaction_repository.go:46.2,46.27 1 0
finance-ia/internal/infrastructure/database/finance/transaction_repository.go:46.27,48.3 1 0
finance-ia/internal/infrastructure/database/finance/transaction_repository.go:50.2,51.50 2 0
finance-ia/internal/infrastructure/database/finance/transaction_repository.go:51.50,53.3 1 0
finance-ia/internal/infrastructure/database/finance/transaction_repository.go:55.2,56.16 2 0
finance-ia/internal/infrastructure/database/finance/transaction_repository.go:56.16,58.3 1 0
finance-ia/internal/infrastructure/database/finance/transaction_repository.go:60.2,65.32 2 0
finance-ia/internal/infrastructure/database/finance/transaction_repository.go:65.32,67.3 1 0
finance-ia/internal/infrastructure/database/finance/transaction_repository.go:69.2,69.24 1 0
finance-ia/internal/infrastructure/database/finance/transaction_repository.go:72.118,77.32 2 0
finance-ia/internal/infrastructure/database/finance/transaction_repository.go:77.32,79.3 1 0
finance-ia/internal/infrastructure/database/finance/transaction_repository.go:80.2,80.17 1 0
finance-ia/internal/infrastructure/database/finance/transaction_repository.go:83.78,85.2 1 0
finance-ia/internal/infrastructure/database/finance/transaction_repository.go:87.96,89.80 2 0
finance-ia/internal/infrastructure/database/finance/transaction_repository.go:89.80,91.3 1 0
finance-ia/internal/infrastructure/database/finance/transaction_repository.go:92.2,92.17 1 0
finance-ia/internal/infrastructure/queue/rabbitmq_client.go:35.35,37.15 2 0
finance-ia/internal/infrastructure/queue/rabbitmq_client.go:37.15,39.3 1 0
finance-ia/internal/infrastructure/queue/rabbitmq_client.go:41.2,42.16 2 0
finance-ia/internal/infrastructure/queue/rabbitmq_client.go:42.16,44.3 1 0
finance-ia/internal/infrastructure/queue/rabbitmq_client.go:46.2,47.16 2 0
finance-ia/internal/infrastructure/queue/rabbitmq_client.go:47.16,50.3 2 0
finance-ia/internal/infrastructure/queue/rabbitmq_client.go:52.2,61.27 3 0
finance-ia/internal/infrastructure/queue/rabbitmq_client.go:61.27,62.48 1 0
finance-ia/internal/infrastructure/queue/rabbitmq_client.go:62.48,64.4 1 0
finance-ia/internal/infrastructure/queue/rabbitmq_client.go:67.2,67.20 1 0
finance-ia/internal/infrastructure/queue/rabbitmq_client.go:70.50,80.2 2 0
finance-ia/internal/infrastructure/queue/rabbitmq_client.go:83.88,85.16 2 0
finance-ia/internal/infrastructure/queue/rabbitmq_client.go:85.16,87.3 1 0
finance-ia/internal/infrastructure/queue/rabbitmq_client.go:89.2,102.3 3 0
finance-ia/internal/infrastructure/queue/rabbitmq_client.go:107.74,117.16 2 0
finance-ia/internal/infrastructure/queue/rabbitmq_client.go:117.16,119.3 1 0
finance-ia/internal/infrastructure/queue/rabbitmq_client.go:121.2,121.12 1 0
finance-ia/internal/infrastructure/queue/rabbitmq_client.go:121.12,122.23 1 0
finance-ia/internal/infrastructure/queue/rabbitmq_client.go:122.23,123.42 1 0
finance-ia/internal/infrastructure/queue/rabbitmq_client.go:123.42,126.5 2 0
finance-ia/internal/infrastructure/queue/rabbitmq_client.go:126.10,128.5 1 0
finance-ia/internal/infrastructure/queue/rabbitmq_client.go:132.2,132.12 1 0
finance-ia/internal/infrastructure/queue/rabbitmq_client.go:136.26,137.22 1 0
finance-ia/internal/infrastructure/queue/rabbitmq_client.go:137.22,139.3 1 0
finance-ia/internal/infrastructure/queue/rabbitmq_client.go:140.2,140.19 1 0
finance-ia/internal/infrastructure/queue/rabbitmq_client.go:140.19,142.3 1 0
finance-ia/internal/interfaces/handlers/ai/ai_handler.go:17.86,19.2 1 0
finance-ia/internal/interfaces/handlers/ai/ai_handler.go:21.67,23.2 2 0
finance-ia/internal/interfaces/handlers/ai/ai_handler.go:23.2,27.3 3 0
finance-ia/internal/interfaces/handlers/ai/ai_handler.go:30.48,36.16 4 0
finance-ia/internal/interfaces/handlers/ai/ai_handler.go:36.16,39.3 2 0
finance-ia/internal/interfaces/handlers/ai/ai_handler.go:41.2,42.16 2 0
finance-ia/internal/interfaces/handlers/ai/ai_handler.go:42.16,43.41 1 0
finance-ia/internal/interfaces/handlers/ai/ai_handler.go:43.41,49.4 2 0
finance-ia/internal/interfaces/handlers/ai/ai_handler.go:50.3,51.9 2 0
finance-ia/internal/interfaces/handlers/ai/ai_handler.go:54.2,54.32 1 0
finance-ia/internal/interfaces/handlers/ai/ai_handler.go:57.53,62.16 4 0
finance-ia/internal/interfaces/handlers/ai/ai_handler.go:62.16,65.3 2 0
finance-ia/internal/interfaces/handlers/ai/ai_handler.go:67.2,68.16 2 0
finance-ia/internal/interfaces/handlers/ai/ai_handler.go:68.16,69.46 1 0
finance-ia/internal/interfaces/handlers/ai/ai_handler.go:69.46,75.4 2 0
finance-ia/internal/interfaces/handlers/ai/ai_handler.go:76.3,77.9 2 0
finance-ia/internal/interfaces/handlers/ai/ai_handler.go:80.2,80.52 1 0
finance-ia/internal/interfaces/handlers/ai/ai_handler.go:83.52,87.16 3 0
finance-ia/internal/interfaces/handlers/ai/ai_handler.go:87.16,90.3 2 0
finance-ia/internal/interfaces/handlers/ai/ai_handler.go:92.2,96.4 1 0
finance-ia/internal/interfaces/handlers/ai/ai_handler.go:99.104,101.16 2 0
finance-ia/internal/interfaces/handlers/ai/ai_handler.go:101.16,103.3 1 0
finance-ia/internal/interfaces/handlers/ai/ai_handler.go:105.2,115.47 2 0
finance-ia/internal/interfaces/handlers/ai/ai_handler.go:115.47,121.3 1 0
finance-ia/internal/interfaces/handlers/ai/ai_handler.go:123.2,123.42 1 0
finance-ia/internal/interfaces/handlers/ai/ai_handler.go:123.42,129.3 1 0
finance-ia/internal/interfaces/handlers/ai/ai_handler.go:131.2,131.17 1 0
finance-ia/internal/interfaces/handlers/ai/ai_handler.go:134.42,138.2 3 0
finance-ia/internal/interfaces/handlers/ai/ai_handler.go:140.37,142.43 2 0
finance-ia/internal/interfaces/handlers/ai/ai_handler.go:142.43,144.3 1 0
finance-ia/internal/interfaces/handlers/ai/ai_handler.go:145.2,145.15 1 0
finance-ia/internal/interfaces/handlers/subscription/subscription_handler.go:28.24,35.2 1 0
finance-ia/internal/interfaces/handlers/subscription/subscription_handler.go:37.77,40.2 2 0
finance-ia/internal/interfaces/handlers/subscription/subscription_handler.go:40.2,44.3 3 0
finance-ia/internal/interfaces/handlers/subscription/subscription_handler.go:47.2,47.55 1 0
finance-ia/internal/interfaces/handlers/subscription/subscription_handler.go:50.65,54.16 3 0
finance-ia/internal/interfaces/handlers/subscription/subscription_handler.go:54.16,62.3 2 0
finance-ia/internal/interfaces/handlers/subscription/subscription_handler.go:64.2,67.4 1 0
finance-ia/internal/interfaces/handlers/subscription/subscription_handler.go:75.62,79.47 3 0
finance-ia/internal/interfaces/handlers/subscription/subscription_handler.go:79.47,82.3 2 0
finance-ia/internal/interfaces/handlers/subscription/subscription_handler.go:84.2,85.16 2 0
finance-ia/internal/interfaces/handlers/subscription/subscription_handler.go:85.16,88.3 2 0
finance-ia/internal/interfaces/handlers/subscription/subscription_handler.go:91.2,92.22 2 0
finance-ia/internal/interfaces/handlers/subscription/subscription_handler.go:92.22,94.17 2 0
finance-ia/internal/interfaces/handlers/subscription/subscription_handler.go:94.17,97.4 2 0
finance-ia/internal/interfaces/handlers/subscription/subscription_handler.go:99.3,99.90 1 0
finance-ia/internal/interfaces/handlers/subscription/subscription_handler.go:103.2,104.19 2 0
finance-ia/internal/interfaces/handlers/subscription/subscription_handler.go:104.19,107.3 2 0
finance-ia/internal/interfaces/handlers/subscription/subscription_handler.go:109.2,118.16 3 0
finance-ia/internal/interfaces/handlers/subscription/subscription_handler.go:118.16,121.3 2 0
finance-ia/internal/interfaces/handlers/subscription/subscription_handler.go:123.2,126.4 1 0
finance-ia/internal/interfaces/handlers/subscription/subscription_handler.go:129.60,133.16 3 0
finance-ia/internal/interfaces/handlers/subscription/subscription_handler.go:133.16,136.3 2 0
finance-ia/internal/interfaces/handlers/subscription/subscription_handler.go:138.2,138.30 1 0
finance-ia/internal/interfaces/handlers/subscription/subscription_handler.go:138.30,141.3 2 0
finance-ia/internal/interfaces/handlers/subscription/subscription_handler.go:143.2,145.16 3 0
finance-ia/internal/interfaces/handlers/subscription/subscription_handler.go:145.16,148.3 2 0
finance-ia/internal/interfaces/handlers/subscription/subscription_handler.go:150.2,150.49 1 0
finance-ia/internal/interfaces/handlers/subscription/subscription_handler.go:153.67,155.16 2 0
finance-ia/internal/interfaces/handlers/subscription/subscription_handler.go:155.16,158.3 2 0
finance-ia/internal/interfaces/handlers/subscription/subscription_handler.go:160.2,162.16 3 0
finance-ia/internal/interfaces/handlers/subscription/subscription_handler.go:162.16,165.3 2 0
finance-ia/internal/interfaces/handlers/subscription/subscription_handler.go:167.2,167.31 1 0
finance-ia/internal/interfaces/handlers/subscription/subscription_handler.go:167.31,168.54 1 0
finance-ia/internal/interfaces/handlers/subscription/subscription_handler.go:168.54,171.4 1 0
finance-ia/internal/interfaces/handlers/subscription/subscription_handler.go:174.2,174.48 1 0
finance-ia/internal/interfaces/handlers/subscription/subscription_handler.go:177.86,178.20 1 0
finance-ia/internal/interfaces/handlers/subscription/subscription_handler.go:179.38,183.31 2 0
finance-ia/internal/interfaces/handlers/subscription/subscription_handler.go:183.31,186.4 2 0
finance-ia/internal/interfaces/handlers/subscription/subscription_handler.go:188.40,191.17 2 0
finance-ia/internal/interfaces/handlers/subscription/subscription_handler.go:191.17,193.4 1 0
finance-ia/internal/interfaces/handlers/subscription/subscription_handler.go:194.3,198.56 4 0
finance-ia/internal/interfaces/handlers/subscription/subscription_handler.go:198.56,200.4 1 0
finance-ia/internal/interfaces/handlers/subscription/subscription_handler.go:203.3,205.30 1 0
finance-ia/internal/interfaces/handlers/subscription/subscription_handler.go:207.40,209.17 2 0
finance-ia/internal/interfaces/handlers/subscription/subscription_handler.go:209.17,212.4 2 0
finance-ia/internal/interfaces/handlers/subscription/subscription_handler.go:214.3,216.26 1 0
finance-ia/internal/interfaces/handlers/subscription/subscription_handler.go:219.2,219.12 1 0
finance-ia/internal/interfaces/handlers/subscription/subscription_handler.go:222.50,224.29 2 0
finance-ia/internal/interfaces/handlers/subscription/subscription_handler.go:224.29,226.3 1 0
finance-ia/internal/interfaces/handlers/subscription/subscription_handler.go:227.2,227.26 1 0
finance-ia/internal/interfaces/handlers/subscription/subscription_handler.go:230.42,234.2 3 0
finance-ia/internal/utils/response.go:14.88,20.2 1 0
finance-ia/internal/utils/response.go:22.66,27.2 1 0
finance-ia/internal/workers/ai_worker.go:33.13,39.2 1 0
finance-ia/internal/workers/ai_worker.go:41.28,43.78 2 0
finance-ia/internal/workers/ai_worker.go:43.78,45.3 1 0
finance-ia/internal/workers/ai_worker.go:48.46,50.51 2 0
finance-ia/internal/workers/ai_worker.go:50.51,52.3 1 0
finance-ia/internal/workers/ai_worker.go:54.2,55.16 2 0
finance-ia/internal/workers/ai_worker.go:55.16,57.3 1 0
finance-ia/internal/workers/ai_worker.go:59.2,64.16 4 0
finance-ia/internal/workers/ai_worker.go:64.16,66.3 1 0
finance-ia/internal/workers/ai_worker.go:68.2,78.47 2 0
finance-ia/internal/workers/ai_worker.go:78.47,84.3 1 0
finance-ia/internal/workers/ai_worker.go:87.2,88.18 2 0
finance-ia/internal/workers/ai_worker.go:88.18,90.3 1 0
finance-ia/internal/workers/ai_worker.go:92.2,97.16 5 0
finance-ia/internal/workers/ai_worker.go:97.16,100.3 2 0
finance-ia/internal/workers/ai_worker.go:102.2,103.12 2 0
finance-ia/internal/workers/notification_worker.go:17.61,19.2 1 0
finance-ia/internal/workers/notification_worker.go:22.85,26.6 3 0
finance-ia/internal/workers/notification_worker.go:26.6,27.10 1 0
finance-ia/internal/workers/notification_worker.go:28.21,30.10 2 0
finance-ia/internal/workers/notification_worker.go:31.19,32.34 1 0
finance-ia/internal/workers/notification_worker.go:37.59,45.48 3 0
finance-ia/internal/workers/notification_worker.go:45.48,48.3 2 0
finance-ia/internal/workers/notification_worker.go:50.2,50.29 1 0
finance-ia/internal/workers/notification_worker.go:50.29,53.28 2 0
finance-ia/internal/workers/notification_worker.go:53.28,56.4 1 0
finance-ia/internal/workers/report_worker.go:17.49,19.2 1 0
finance-ia/internal/workers/report_worker.go:22.74,27.6 3 0
finance-ia/internal/workers/report_worker.go:27.6,28.10 1 0
finance-ia/internal/workers/report_worker.go:29.21,31.10 2 0
finance-ia/internal/workers/report_worker.go:32.19,33.29 1 0
finance-ia/internal/workers/report_worker.go:33.29,35.5 1 0
finance-ia/internal/workers/report_worker.go:40.60,46.48 4 0
finance-ia/internal/workers/report_worker.go:46.48,49.3 2 0
finance-ia/internal/workers/report_worker.go:51.2,51.29 1 0
finance-ia/internal/workers/report_worker.go:51.29,53.3 1 0
finance-ia/internal/workers/report_worker.go:56.96,78.2 2 0
finance-ia/internal/router/router.go:18.58,22.15 3 0
finance-ia/internal/router/router.go:22.15,24.3 1 0
finance-ia/internal/router/router.go:25.2,25.13 1 0
finance-ia/internal/router/router.go:26.23,27.29 1 0
finance-ia/internal/router/router.go:28.17,29.31 1 0
finance-ia/internal/router/router.go:32.2,33.14 2 0
finance-ia/internal/router/router.go:33.14,34.75 1 0
finance-ia/internal/router/router.go:34.75,36.4 1 0
finance-ia/internal/router/router.go:37.8,39.54 2 0
finance-ia/internal/router/router.go:39.54,41.4 1 0
finance-ia/internal/router/router.go:43.2,50.33 6 0
finance-ia/internal/router/router.go:50.33,52.3 1 0
finance-ia/internal/router/router.go:54.2,54.45 1 0
finance-ia/internal/router/router.go:54.45,54.83 1 0
finance-ia/internal/router/router.go:56.2,56.10 1 0
finance-ia/internal/interfaces/handlers/finance/behavior_handler.go:16.70,18.2 1 0
finance-ia/internal/interfaces/handlers/finance/behavior_handler.go:20.73,23.2 2 0
finance-ia/internal/interfaces/handlers/finance/behavior_handler.go:27.55,31.40 3 0
finance-ia/internal/interfaces/handlers/finance/behavior_handler.go:31.40,37.3 2 0
finance-ia/internal/interfaces/handlers/finance/behavior_handler.go:39.2,41.16 3 0
finance-ia/internal/interfaces/handlers/finance/behavior_handler.go:41.16,44.3 2 0
finance-ia/internal/interfaces/handlers/finance/behavior_handler.go:46.2,47.16 2 0
finance-ia/internal/interfaces/handlers/finance/behavior_handler.go:47.16,50.3 2 0
finance-ia/internal/interfaces/handlers/finance/behavior_handler.go:52.2,52.33 1 0
finance-ia/internal/interfaces/handlers/finance/finance_handler.go:17.73,19.2 1 0
finance-ia/internal/interfaces/handlers/finance/finance_handler.go:21.72,23.2 2 0
finance-ia/internal/interfaces/handlers/finance/finance_handler.go:23.2,32.3 8 0
finance-ia/internal/interfaces/handlers/finance/finance_handler.go:45.60,49.47 3 0
finance-ia/internal/interfaces/handlers/finance/finance_handler.go:49.47,52.3 2 0
finance-ia/internal/interfaces/handlers/finance/finance_handler.go:54.2,64.20 2 0
finance-ia/internal/interfaces/handlers/finance/finance_handler.go:64.20,65.63 1 0
finance-ia/internal/interfaces/handlers/finance/finance_handler.go:65.63,67.4 1 0
finance-ia/internal/interfaces/handlers/finance/finance_handler.go:70.2,70.27 1 0
finance-ia/internal/interfaces/handlers/finance/finance_handler.go:70.27,71.60 1 0
finance-ia/internal/interfaces/handlers/finance/finance_handler.go:71.60,73.4 1 0
finance-ia/internal/interfaces/handlers/finance/finance_handler.go:77.2,77.93 1 0
finance-ia/internal/interfaces/handlers/finance/finance_handler.go:77.93,79.3 1 0
finance-ia/internal/interfaces/handlers/finance/finance_handler.go:81.2,81.63 1 0
finance-ia/internal/interfaces/handlers/finance/finance_handler.go:81.63,84.3 2 0
finance-ia/internal/interfaces/handlers/finance/finance_handler.go:86.2,86.32 1 0
finance-ia/internal/interfaces/handlers/finance/finance_handler.go:89.59,98.66 3 0
finance-ia/internal/interfaces/handlers/finance/finance_handler.go:98.66,100.3 1 0
finance-ia/internal/interfaces/handlers/finance/finance_handler.go:101.2,101.67 1 0
finance-ia/internal/interfaces/handlers/finance/finance_handler.go:101.67,103.3 1 0
finance-ia/internal/interfaces/handlers/finance/finance_handler.go:104.2,104.35 1 0
finance-ia/internal/interfaces/handlers/finance/finance_handler.go:104.35,107.3 2 0
finance-ia/internal/interfaces/handlers/finance/finance_handler.go:108.2,108.52 1 0
finance-ia/internal/interfaces/handlers/finance/finance_handler.go:108.52,109.51 1 0
finance-ia/internal/interfaces/handlers/finance/finance_handler.go:109.51,111.4 1 0
finance-ia/internal/interfaces/handlers/finance/finance_handler.go:113.2,113.41 1 0
finance-ia/internal/interfaces/handlers/finance/finance_handler.go:113.41,114.56 1 0
finance-ia/internal/interfaces/handlers/finance/finance_handler.go:114.56,116.4 1 0
finance-ia/internal/interfaces/handlers/finance/finance_handler.go:118.2,118.39 1 0
finance-ia/internal/interfaces/handlers/finance/finance_handler.go:118.39,119.56 1 0
finance-ia/internal/interfaces/handlers/finance/finance_handler.go:119.56,121.4 1 0
finance-ia/internal/interfaces/handlers/finance/finance_handler.go:124.2,125.16 2 0
finance-ia/internal/interfaces/handlers/finance/finance_handler.go:125.16,128.3 2 0
finance-ia/internal/interfaces/handlers/finance/finance_handler.go:130.2,135.4 1 0
finance-ia/internal/interfaces/handlers/finance/finance_handler.go:138.60,141.16 3 0
finance-ia/internal/interfaces/handlers/finance/finance_handler.go:141.16,144.3 2 0
finance-ia/internal/interfaces/handlers/finance/finance_handler.go:146.2,146.71 1 0
finance-ia/internal/interfaces/handlers/finance/finance_handler.go:146.71,149.3 2 0
finance-ia/internal/interfaces/handlers/finance/finance_handler.go:151.2,151.64 1 0
finance-ia/internal/interfaces/handlers/finance/finance_handler.go:154.57,157.16 3 0
finance-ia/internal/interfaces/handlers/finance/finance_handler.go:157.16,160.3 2 0
finance-ia/internal/interfaces/handlers/finance/finance_handler.go:161.2,161.29 1 0
finance-ia/internal/interfaces/handlers/finance/finance_handler.go:171.57,174.47 3 0
finance-ia/internal/interfaces/handlers/finance/finance_handler.go:174.47,177.3 2 0
finance-ia/internal/interfaces/handlers/finance/finance_handler.go:179.2,188.61 2 0
finance-ia/internal/interfaces/handlers/finance/finance_handler.go:188.61,191.3 2 0
finance-ia/internal/interfaces/handlers/finance/finance_handler.go:193.2,193.33 1 0
finance-ia/internal/interfaces/handlers/finance/finance_handler.go:196.52,199.16 3 0
finance-ia/internal/interfaces/handlers/finance/finance_handler.go:199.16,202.3 2 0
finance-ia/internal/interfaces/handlers/finance/finance_handler.go:203.2,203.31 1 0
finance-ia/internal/interfaces/handlers/finance/finance_handler.go:213.55,216.47 3 0
finance-ia/internal/interfaces/handlers/finance/finance_handler.go:216.47,219.3 2 0
finance-ia/internal/interfaces/handlers/finance/finance_handler.go:222.2,222.79 1 0
finance-ia/internal/interfaces/handlers/finance/finance_handler.go:222.79,226.3 3 0
finance-ia/internal/interfaces/handlers/finance/finance_handler.go:228.2,237.62 2 0
finance-ia/internal/interfaces/handlers/finance/finance_handler.go:237.62,240.3 2 0
finance-ia/internal/interfaces/handlers/finance/finance_handler.go:242.2,242.31 1 0
finance-ia/internal/interfaces/handlers/finance/finance_handler.go:245.55,248.16 3 0
finance-ia/internal/interfaces/handlers/finance/finance_handler.go:248.16,251.3 2 0
finance-ia/internal/interfaces/handlers/finance/finance_handler.go:252.2,252.32 1 0
finance-ia/internal/interfaces/handlers/finance/finance_handler.go:255.42,259.2 3 0
finance-ia/internal/interfaces/handlers/user/user_handler.go:15.56,17.2 1 8
finance-ia/internal/interfaces/handlers/user/user_handler.go:19.69,25.2 5 0
finance-ia/internal/interfaces/handlers/user/user_handler.go:27.48,34.47 2 2
finance-ia/internal/interfaces/handlers/user/user_handler.go:34.47,37.3 2 0
finance-ia/internal/interfaces/handlers/user/user_handler.go:39.2,40.16 2 2
finance-ia/internal/interfaces/handlers/user/user_handler.go:40.16,43.3 2 2
finance-ia/internal/interfaces/handlers/user/user_handler.go:45.2,46.16 2 0
finance-ia/internal/interfaces/handlers/user/user_handler.go:46.16,49.3 2 0
finance-ia/internal/interfaces/handlers/user/user_handler.go:50.2,50.34 1 0
finance-ia/internal/interfaces/handlers/user/user_handler.go:53.51,55.16 2 2
finance-ia/internal/interfaces/handlers/user/user_handler.go:55.16,58.3 2 0
finance-ia/internal/interfaces/handlers/user/user_handler.go:59.2,59.21 1 2
finance-ia/internal/interfaces/handlers/user/user_handler.go:59.21,62.3 2 2
finance-ia/internal/interfaces/handlers/user/user_handler.go:63.2,63.30 1 0
finance-ia/internal/interfaces/handlers/user/user_handler.go:66.51,69.19 3 2
finance-ia/internal/interfaces/handlers/user/user_handler.go:69.19,72.6 2 1
finance-ia/internal/interfaces/handlers/user/user_handler.go:73.5,74.19 2 1
finance-ia/internal/interfaces/handlers/user/user_handler.go:74.19,77.6 2 0
finance-ia/internal/interfaces/handlers/user/user_handler.go:78.5,78.32 1 1
finance-ia/internal/interfaces/handlers/user/user_handler.go:80.50,83.19 3 1
finance-ia/internal/interfaces/handlers/user/user_handler.go:83.19,86.6 2 0
finance-ia/internal/interfaces/handlers/user/user_handler.go:88.5,94.50 2 1
finance-ia/internal/interfaces/handlers/user/user_handler.go:94.50,97.6 2 0
finance-ia/internal/interfaces/handlers/user/user_handler.go:99.5,100.19 2 1
finance-ia/internal/interfaces/handlers/user/user_handler.go:100.19,103.6 2 0
finance-ia/internal/interfaces/handlers/user/user_handler.go:105.3,105.22 1 1
finance-ia/internal/interfaces/handlers/user/user_handler.go:105.22,107.4 1 0
finance-ia/internal/interfaces/handlers/user/user_handler.go:109.5,109.28 1 1
finance-ia/internal/interfaces/handlers/user/user_handler.go:109.28,111.6 1 0
finance-ia/internal/interfaces/handlers/user/user_handler.go:112.5,112.27 1 1
finance-ia/internal/interfaces/handlers/user/user_handler.go:112.27,114.6 1 0
finance-ia/internal/interfaces/handlers/user/user_handler.go:116.5,116.53 1 1
finance-ia/internal/interfaces/handlers/user/user_handler.go:116.53,119.6 2 0
finance-ia/internal/interfaces/handlers/user/user_handler.go:120.5,120.35 1 1
finance-ia/internal/interfaces/handlers/user/user_handler.go:123.50,126.19 3 1
finance-ia/internal/interfaces/handlers/user/user_handler.go:126.19,129.6 2 0
finance-ia/internal/interfaces/handlers/user/user_handler.go:131.5,132.19 2 1
finance-ia/internal/interfaces/handlers/user/user_handler.go:132.19,135.6 2 0
finance-ia/internal/interfaces/handlers/user/user_handler.go:137.5,137.53 1 1
finance-ia/internal/interfaces/handlers/user/user_handler.go:137.53,140.6 2 0
finance-ia/internal/interfaces/handlers/user/user_handler.go:141.5,141.90 1 1
finance-ia/internal/interfaces/handlers/auth/auth_handler.go:15.56,17.2 1 6
finance-ia/internal/interfaces/handlers/auth/auth_handler.go:19.69,24.2 4 0
finance-ia/internal/interfaces/handlers/auth/auth_handler.go:26.45,31.50 2 3
finance-ia/internal/interfaces/handlers/auth/auth_handler.go:31.50,34.6 2 1
finance-ia/internal/interfaces/handlers/auth/auth_handler.go:36.5,37.19 2 2
finance-ia/internal/interfaces/handlers/auth/auth_handler.go:37.19,40.6 2 1
finance-ia/internal/interfaces/handlers/auth/auth_handler.go:42.5,42.20 1 1
finance-ia/internal/interfaces/handlers/auth/auth_handler.go:42.20,45.6 2 0
finance-ia/internal/interfaces/handlers/auth/auth_handler.go:48.5,52.7 1 1
finance-ia/internal/interfaces/handlers/auth/auth_handler.go:55.54,58.47 2 1
finance-ia/internal/interfaces/handlers/auth/auth_handler.go:58.47,64.3 2 0
finance-ia/internal/interfaces/handlers/auth/auth_handler.go:66.2,66.60 1 1
finance-ia/internal/interfaces/handlers/auth/auth_handler.go:66.60,72.3 2 0
finance-ia/internal/interfaces/handlers/auth/auth_handler.go:74.2,76.4 1 1
finance-ia/internal/interfaces/handlers/auth/auth_handler.go:79.53,82.47 2 2
finance-ia/internal/interfaces/handlers/auth/auth_handler.go:82.47,88.3 2 1
finance-ia/internal/interfaces/handlers/auth/auth_handler.go:90.2,90.76 1 1
finance-ia/internal/interfaces/handlers/auth/auth_handler.go:90.76,96.3 2 0
finance-ia/internal/interfaces/handlers/auth/auth_handler.go:98.2,100.4 1 1
finance-ia/internal/interfaces/handlers/auth/auth_handler.go:103.46,105.25 2 0
finance-ia/internal/interfaces/handlers/auth/auth_handler.go:105.25,108.6 2 0
finance-ia/internal/interfaces/handlers/auth/auth_handler.go:110.5,111.51 2 0
finance-ia/internal/interfaces/handlers/auth/auth_handler.go:111.51,114.6 2 0
finance-ia/internal/interfaces/handlers/auth/auth_handler.go:116.5,116.71 1 0
